BL51 BANKED LINKER/LOCATER V6.22.2.0                                                    03/10/2022  13:33:18  PAGE 1


BL51 BANKED LINKER/LOCATER V6.22.2.0, INVOKED BY:
C:\KEIL_V5\C51\BIN\BL51.EXE .\Objects\STARTUP.obj, .\Objects\main.obj, .\Objects\test.obj TO .\Objects\test00 PRINT (.\L
>> istings\test00.m51) RAMSIZE (256)


MEMORY MODEL: SMALL


INPUT MODULES INCLUDED:
  .\Objects\STARTUP.obj (?C_STARTUP)
  .\Objects\main.obj (MAIN)
  .\Objects\test.obj (TEST)


LINK MAP OF MODULE:  .\Objects\test00 (?C_STARTUP)


            TYPE    BASE      LENGTH    RELOCATION   SEGMENT NAME
            -----------------------------------------------------

            * * * * * * *   D A T A   M E M O R Y   * * * * * * *
            REG     0000H     0008H     ABSOLUTE     "REG BANK 0"
            DATA    0008H     0001H     UNIT         _DATA_GROUP_
                    0009H     0017H                  *** GAP ***
            BIT     0020H.0   0000H.2   UNIT         _BIT_GROUP_
                    0020H.2   0000H.6                *** GAP ***
            IDATA   0021H     0001H     UNIT         ?STACK

            * * * * * * *   C O D E   M E M O R Y   * * * * * * *
            CODE    0000H     0003H     ABSOLUTE     
            CODE    0003H     0044H     UNIT         ?PR?DS_INIT?TEST
            CODE    0047H     0014H     UNIT         ?PR?FUCK_INIT?TEST
            CODE    005BH     0013H     UNIT         ?CO?TEST
            CODE    006EH     000CH     UNIT         ?C_C51STARTUP
            CODE    007AH     000CH     UNIT         ?PR?MAIN?MAIN
            CODE    0086H     000CH     UNIT         ?PR?DELAY1MS?TEST



OVERLAY MAP OF MODULE:   .\Objects\test00 (?C_STARTUP)


SEGMENT                           BIT_GROUP          DATA_GROUP 
  +--> CALLED SEGMENT          START    LENGTH     START    LENGTH
------------------------------------------------------------------
?C_C51STARTUP                  -----    -----      -----    -----
  +--> ?PR?MAIN?MAIN

?PR?MAIN?MAIN                  -----    -----      -----    -----
  +--> ?PR?FUCK_INIT?TEST
  +--> ?PR?DS_INIT?TEST

?PR?FUCK_INIT?TEST             0020H.0  0000H.2    -----    -----

?PR?DS_INIT?TEST               -----    -----      0008H    0001H
  +--> ?CO?TEST
  +--> ?PR?DELAY1MS?TEST

BL51 BANKED LINKER/LOCATER V6.22.2.0                                                  03/10/2022  13:33:18  PAGE 2




SYMBOL TABLE OF MODULE:  .\Objects\test00 (?C_STARTUP)

  VALUE           TYPE          NAME
  ----------------------------------

  -------         MODULE        ?C_STARTUP
  C:006EH         SEGMENT       ?C_C51STARTUP
  I:0021H         SEGMENT       ?STACK
  C:0000H         PUBLIC        ?C_STARTUP
  D:00E0H         SYMBOL        ACC
  D:00F0H         SYMBOL        B
  D:0083H         SYMBOL        DPH
  D:0082H         SYMBOL        DPL
  N:0000H         SYMBOL        IBPSTACK
  N:0100H         SYMBOL        IBPSTACKTOP
  N:0080H         SYMBOL        IDATALEN
  C:0071H         SYMBOL        IDATALOOP
  N:0000H         SYMBOL        PBPSTACK
  N:0100H         SYMBOL        PBPSTACKTOP
  N:0000H         SYMBOL        PDATALEN
  N:0000H         SYMBOL        PDATASTART
  N:0000H         SYMBOL        PPAGE
  N:0000H         SYMBOL        PPAGEENABLE
  D:00A0H         SYMBOL        PPAGE_SFR
  D:0081H         SYMBOL        SP
  C:006EH         SYMBOL        STARTUP1
  N:0000H         SYMBOL        XBPSTACK
  N:0000H         SYMBOL        XBPSTACKTOP
  N:0000H         SYMBOL        XDATALEN
  N:0000H         SYMBOL        XDATASTART
  C:0000H         LINE#         126
  C:006EH         LINE#         133
  C:0070H         LINE#         134
  C:0071H         LINE#         135
  C:0072H         LINE#         136
  C:0074H         LINE#         185
  C:0077H         LINE#         196
  -------         ENDMOD        ?C_STARTUP

  -------         MODULE        MAIN
  C:0000H         SYMBOL        _ICE_DUMMY_
  D:0080H         PUBLIC        P0
  D:0090H         PUBLIC        P1
  D:00A0H         PUBLIC        P2
  D:00B0H         PUBLIC        P3
  D:00C0H         PUBLIC        P4
  D:00C8H         PUBLIC        P5
  D:00E8H         PUBLIC        P6
  D:00F8H         PUBLIC        P7
  D:00A8H         PUBLIC        IE
  D:00B8H         PUBLIC        IP
  D:00D8H         PUBLIC        CCON
  C:007AH         PUBLIC        main
  D:0098H         PUBLIC        SCON
  D:0088H         PUBLIC        TCON
BL51 BANKED LINKER/LOCATER V6.22.2.0                                                  03/10/2022  13:33:18  PAGE 3


  D:00D0H         PUBLIC        PSW
  -------         PROC          MAIN
  C:007AH         LINE#         3
  C:007AH         LINE#         4
  C:007AH         LINE#         5
  C:0081H         LINE#         6
  C:0081H         LINE#         7
  C:0081H         LINE#         8
  C:0084H         LINE#         9
  -------         ENDPROC       MAIN
  -------         ENDMOD        MAIN

  -------         MODULE        TEST
  C:0000H         SYMBOL        _ICE_DUMMY_
  D:0080H         PUBLIC        P0
  D:0090H         PUBLIC        P1
  C:0047H         PUBLIC        Fuck_Init
  D:00A0H         PUBLIC        P2
  D:00B0H         PUBLIC        P3
  D:00C0H         PUBLIC        P4
  C:0086H         PUBLIC        Delay1ms
  D:00C8H         PUBLIC        P5
  D:00E8H         PUBLIC        P6
  D:00F8H         PUBLIC        P7
  D:00A8H         PUBLIC        IE
  D:00B8H         PUBLIC        IP
  B:0080H.4       PUBLIC        realy
  D:00D8H         PUBLIC        CCON
  C:0003H         PUBLIC        Ds_Init
  D:0098H         PUBLIC        SCON
  D:0088H         PUBLIC        TCON
  C:0063H         PUBLIC        dua
  C:005BH         PUBLIC        wei
  B:0080H.6       PUBLIC        buzz
  D:00D0H         PUBLIC        PSW
  -------         PROC          DELAY1MS
  -------         DO            
  D:0007H         SYMBOL        i
  D:0006H         SYMBOL        j
  -------         ENDDO         
  C:0086H         LINE#         10
  C:0086H         LINE#         11
  C:0086H         LINE#         14
  C:0087H         LINE#         15
  C:0088H         LINE#         16
  C:0089H         LINE#         17
  C:008BH         LINE#         18
  C:008DH         LINE#         20
  C:008DH         LINE#         21
  C:008FH         LINE#         22
  C:0091H         LINE#         23
  -------         ENDPROC       DELAY1MS
  -------         PROC          FUCK_INIT
  B:0020H.0       SYMBOL        i
  B:0020H.1       SYMBOL        j
  C:0047H         LINE#         32
  C:0047H         LINE#         33
BL51 BANKED LINKER/LOCATER V6.22.2.0                                                  03/10/2022  13:33:18  PAGE 4


  C:0047H         LINE#         34
  C:004BH         LINE#         35
  C:004FH         LINE#         36
  C:0057H         LINE#         37
  C:005AH         LINE#         38
  -------         ENDPROC       FUCK_INIT
  -------         PROC          DS_INIT
  -------         DO            
  D:0008H         SYMBOL        i
  -------         ENDDO         
  C:0003H         LINE#         42
  C:0003H         LINE#         43
  C:0003H         LINE#         46
  C:0006H         LINE#         47
  C:000EH         LINE#         48
  C:0011H         LINE#         50
  C:0019H         LINE#         51
  C:0021H         LINE#         52
  C:0024H         LINE#         54
  C:002DH         LINE#         55
  C:0035H         LINE#         56
  C:0038H         LINE#         58
  C:003AH         LINE#         59
  C:0041H         LINE#         60
  C:0044H         LINE#         61
  -------         ENDPROC       DS_INIT
  -------         ENDMOD        TEST

Program Size: data=10.2 xdata=0 code=146
LINK/LOCATE RUN COMPLETE.  0 WARNING(S),  0 ERROR(S)
