BL51 BANKED LINKER/LOCATER V6.22.2.0                                                    03/10/2022  13:24:51  PAGE 1


BL51 BANKED LINKER/LOCATER V6.22.2.0, INVOKED BY:
C:\KEIL_V5\C51\BIN\BL51.EXE .\Objects\STARTUP.obj, .\Objects\main.obj, .\Objects\test.obj TO .\Objects\test00 PRINT (.\L
>> istings\test00.m51) RAMSIZE (256)


MEMORY MODEL: SMALL


INPUT MODULES INCLUDED:
  .\Objects\STARTUP.obj (?C_STARTUP)
  .\Objects\main.obj (MAIN)
  .\Objects\test.obj (TEST)


LINK MAP OF MODULE:  .\Objects\test00 (?C_STARTUP)


            TYPE    BASE      LENGTH    RELOCATION   SEGMENT NAME
            -----------------------------------------------------

            * * * * * * *   D A T A   M E M O R Y   * * * * * * *
            REG     0000H     0008H     ABSOLUTE     "REG BANK 0"
                    0008H     0018H                  *** GAP ***
            BIT     0020H.0   0000H.2   UNIT         _BIT_GROUP_
                    0020H.2   0000H.6                *** GAP ***
            IDATA   0021H     0001H     UNIT         ?STACK

            * * * * * * *   C O D E   M E M O R Y   * * * * * * *
            CODE    0000H     0003H     ABSOLUTE     
            CODE    0003H     0014H     UNIT         ?PR?FUCK_INIT?TEST
            CODE    0017H     000EH     UNIT         ?PR?MAIN?MAIN
            CODE    0025H     000EH     UNIT         ?PR?_LED_INIT?TEST
            CODE    0033H     000CH     UNIT         ?C_C51STARTUP



OVERLAY MAP OF MODULE:   .\Objects\test00 (?C_STARTUP)


SEGMENT                           BIT_GROUP 
  +--> CALLED SEGMENT          START    LENGTH
----------------------------------------------
?C_C51STARTUP                  -----    -----
  +--> ?PR?MAIN?MAIN

?PR?MAIN?MAIN                  -----    -----
  +--> ?PR?FUCK_INIT?TEST
  +--> ?PR?_LED_INIT?TEST

?PR?FUCK_INIT?TEST             0020H.0  0000H.2



SYMBOL TABLE OF MODULE:  .\Objects\test00 (?C_STARTUP)

  VALUE           TYPE          NAME
  ----------------------------------

BL51 BANKED LINKER/LOCATER V6.22.2.0                                                  03/10/2022  13:24:51  PAGE 2


  -------         MODULE        ?C_STARTUP
  C:0033H         SEGMENT       ?C_C51STARTUP
  I:0021H         SEGMENT       ?STACK
  C:0000H         PUBLIC        ?C_STARTUP
  D:00E0H         SYMBOL        ACC
  D:00F0H         SYMBOL        B
  D:0083H         SYMBOL        DPH
  D:0082H         SYMBOL        DPL
  N:0000H         SYMBOL        IBPSTACK
  N:0100H         SYMBOL        IBPSTACKTOP
  N:0080H         SYMBOL        IDATALEN
  C:0036H         SYMBOL        IDATALOOP
  N:0000H         SYMBOL        PBPSTACK
  N:0100H         SYMBOL        PBPSTACKTOP
  N:0000H         SYMBOL        PDATALEN
  N:0000H         SYMBOL        PDATASTART
  N:0000H         SYMBOL        PPAGE
  N:0000H         SYMBOL        PPAGEENABLE
  D:00A0H         SYMBOL        PPAGE_SFR
  D:0081H         SYMBOL        SP
  C:0033H         SYMBOL        STARTUP1
  N:0000H         SYMBOL        XBPSTACK
  N:0000H         SYMBOL        XBPSTACKTOP
  N:0000H         SYMBOL        XDATALEN
  N:0000H         SYMBOL        XDATASTART
  C:0000H         LINE#         126
  C:0033H         LINE#         133
  C:0035H         LINE#         134
  C:0036H         LINE#         135
  C:0037H         LINE#         136
  C:0039H         LINE#         185
  C:003CH         LINE#         196
  -------         ENDMOD        ?C_STARTUP

  -------         MODULE        MAIN
  C:0000H         SYMBOL        _ICE_DUMMY_
  D:0080H         PUBLIC        P0
  D:0090H         PUBLIC        P1
  D:00A0H         PUBLIC        P2
  D:00B0H         PUBLIC        P3
  D:00C0H         PUBLIC        P4
  D:00C8H         PUBLIC        P5
  D:00E8H         PUBLIC        P6
  D:00F8H         PUBLIC        P7
  D:00A8H         PUBLIC        IE
  D:00B8H         PUBLIC        IP
  D:00D8H         PUBLIC        CCON
  C:0017H         PUBLIC        main
  D:0098H         PUBLIC        SCON
  D:0088H         PUBLIC        TCON
  D:00D0H         PUBLIC        PSW
  -------         PROC          MAIN
  C:0017H         LINE#         3
  C:0017H         LINE#         4
  C:0017H         LINE#         5
  C:001EH         LINE#         6
  C:001EH         LINE#         7
BL51 BANKED LINKER/LOCATER V6.22.2.0                                                  03/10/2022  13:24:51  PAGE 3


  C:001EH         LINE#         8
  C:0023H         LINE#         9
  -------         ENDPROC       MAIN
  -------         ENDMOD        MAIN

  -------         MODULE        TEST
  C:0000H         SYMBOL        _ICE_DUMMY_
  D:0080H         PUBLIC        P0
  D:0090H         PUBLIC        P1
  C:0003H         PUBLIC        Fuck_Init
  D:00A0H         PUBLIC        P2
  D:00B0H         PUBLIC        P3
  D:00C0H         PUBLIC        P4
  D:00C8H         PUBLIC        P5
  D:00E8H         PUBLIC        P6
  D:00F8H         PUBLIC        P7
  C:0025H         PUBLIC        _Led_Init
  D:00A8H         PUBLIC        IE
  D:00B8H         PUBLIC        IP
  B:0080H.4       PUBLIC        realy
  D:00D8H         PUBLIC        CCON
  D:0098H         PUBLIC        SCON
  D:0088H         PUBLIC        TCON
  B:0080H.6       PUBLIC        buzz
  D:00D0H         PUBLIC        PSW
  -------         PROC          FUCK_INIT
  B:0020H.0       SYMBOL        i
  B:0020H.1       SYMBOL        j
  C:0003H         LINE#         8
  C:0003H         LINE#         9
  C:0003H         LINE#         10
  C:0007H         LINE#         11
  C:000BH         LINE#         12
  C:0013H         LINE#         13
  C:0016H         LINE#         14
  -------         ENDPROC       FUCK_INIT
  -------         PROC          _LED_INIT
  D:0007H         SYMBOL        a
  C:0025H         LINE#         22
  C:0025H         LINE#         23
  C:0025H         LINE#         24
  C:0027H         LINE#         25
  C:002FH         LINE#         26
  C:0032H         LINE#         27
  -------         ENDPROC       _LED_INIT
  -------         ENDMOD        TEST

Program Size: data=9.2 xdata=0 code=63
LINK/LOCATE RUN COMPLETE.  0 WARNING(S),  0 ERROR(S)
