BL51 BANKED LINKER/LOCATER V6.22.2.0                                                    03/13/2022  16:01:48  PAGE 1


BL51 BANKED LINKER/LOCATER V6.22.2.0, INVOKED BY:
C:\KEIL_V5\C51\BIN\BL51.EXE .\Objects\STARTUP.obj, .\Objects\main.obj, .\Objects\test.obj TO .\Objects\test00 PRINT (.\L
>> istings\test00.m51) RAMSIZE (256)


MEMORY MODEL: SMALL


INPUT MODULES INCLUDED:
  .\Objects\STARTUP.obj (?C_STARTUP)
  .\Objects\main.obj (MAIN)
  .\Objects\test.obj (TEST)


LINK MAP OF MODULE:  .\Objects\test00 (?C_STARTUP)


            TYPE    BASE      LENGTH    RELOCATION   SEGMENT NAME
            -----------------------------------------------------

            * * * * * * *   D A T A   M E M O R Y   * * * * * * *
            REG     0000H     0008H     ABSOLUTE     "REG BANK 0"
                    0008H     0018H                  *** GAP ***
            BIT     0020H.0   0000H.2   UNIT         _BIT_GROUP_
                    0020H.2   0000H.6                *** GAP ***
            IDATA   0021H     0001H     UNIT         ?STACK

            * * * * * * *   C O D E   M E M O R Y   * * * * * * *
            CODE    0000H     0003H     ABSOLUTE     
            CODE    0003H     0019H     UNIT         ?PR?UARTINIT?MAIN
                    001CH     0007H                  *** GAP ***
            CODE    0023H     0003H     ABSOLUTE     
            CODE    0026H     0047H     UNIT         ?PR?UART?MAIN
            CODE    006DH     0014H     UNIT         ?PR?FUCK_INIT?TEST
            CODE    0081H     000FH     UNIT         ?PR?MAIN?MAIN
            CODE    0090H     000EH     UNIT         ?PR?_LED_INIT?TEST
            CODE    009EH     000CH     UNIT         ?C_C51STARTUP



OVERLAY MAP OF MODULE:   .\Objects\test00 (?C_STARTUP)


SEGMENT                           BIT_GROUP 
  +--> CALLED SEGMENT          START    LENGTH
----------------------------------------------
?C_C51STARTUP                  -----    -----
  +--> ?PR?MAIN?MAIN

?PR?MAIN?MAIN                  -----    -----
  +--> ?PR?FUCK_INIT?TEST
  +--> ?PR?UARTINIT?MAIN
  +--> ?PR?_LED_INIT?TEST

?PR?FUCK_INIT?TEST             0020H.0  0000H.2

*** NEW ROOT ***************************************************

BL51 BANKED LINKER/LOCATER V6.22.2.0                                                  03/13/2022  16:01:48  PAGE 2


?PR?UART?MAIN                  -----    -----
  +--> ?PR?_LED_INIT?TEST



SYMBOL TABLE OF MODULE:  .\Objects\test00 (?C_STARTUP)

  VALUE           TYPE          NAME
  ----------------------------------

  -------         MODULE        ?C_STARTUP
  C:009EH         SEGMENT       ?C_C51STARTUP
  I:0021H         SEGMENT       ?STACK
  C:0000H         PUBLIC        ?C_STARTUP
  D:00E0H         SYMBOL        ACC
  D:00F0H         SYMBOL        B
  D:0083H         SYMBOL        DPH
  D:0082H         SYMBOL        DPL
  N:0000H         SYMBOL        IBPSTACK
  N:0100H         SYMBOL        IBPSTACKTOP
  N:0080H         SYMBOL        IDATALEN
  C:00A1H         SYMBOL        IDATALOOP
  N:0000H         SYMBOL        PBPSTACK
  N:0100H         SYMBOL        PBPSTACKTOP
  N:0000H         SYMBOL        PDATALEN
  N:0000H         SYMBOL        PDATASTART
  N:0000H         SYMBOL        PPAGE
  N:0000H         SYMBOL        PPAGEENABLE
  D:00A0H         SYMBOL        PPAGE_SFR
  D:0081H         SYMBOL        SP
  C:009EH         SYMBOL        STARTUP1
  N:0000H         SYMBOL        XBPSTACK
  N:0000H         SYMBOL        XBPSTACKTOP
  N:0000H         SYMBOL        XDATALEN
  N:0000H         SYMBOL        XDATASTART
  C:0000H         LINE#         126
  C:009EH         LINE#         133
  C:00A0H         LINE#         134
  C:00A1H         LINE#         135
  C:00A2H         LINE#         136
  C:00A4H         LINE#         185
  C:00A7H         LINE#         196
  -------         ENDMOD        ?C_STARTUP

  -------         MODULE        MAIN
  C:0000H         SYMBOL        _ICE_DUMMY_
  D:0080H         PUBLIC        P0
  D:0090H         PUBLIC        P1
  D:00A0H         PUBLIC        P2
  D:00B0H         PUBLIC        P3
  D:00C0H         PUBLIC        P4
  D:00C8H         PUBLIC        P5
  B:00A8H.7       PUBLIC        EA
  D:00E8H         PUBLIC        P6
  D:00F8H         PUBLIC        P7
  D:00A8H         PUBLIC        IE
  D:00B8H         PUBLIC        IP
BL51 BANKED LINKER/LOCATER V6.22.2.0                                                  03/13/2022  16:01:48  PAGE 3


  B:0098H.0       PUBLIC        RI
  B:0098H.1       PUBLIC        TI
  C:0026H         PUBLIC        Uart
  D:00D8H         PUBLIC        CCON
  C:0081H         PUBLIC        main
  D:0099H         PUBLIC        SBUF
  D:0098H         PUBLIC        SCON
  C:0003H         PUBLIC        UartInit
  D:0089H         PUBLIC        TMOD
  D:0088H         PUBLIC        TCON
  D:008EH         PUBLIC        AUXR
  B:00A8H.3       PUBLIC        ET1
  D:008DH         PUBLIC        TH1
  D:008BH         PUBLIC        TL1
  B:0088H.6       PUBLIC        TR1
  D:00D0H         PUBLIC        PSW
  -------         PROC          MAIN
  C:0081H         LINE#         5
  C:0081H         LINE#         6
  C:0081H         LINE#         7
  C:0088H         LINE#         8
  C:008BH         LINE#         9
  -------         ENDPROC       MAIN
  -------         PROC          UARTINIT
  C:0003H         LINE#         12
  C:0003H         LINE#         13
  C:0003H         LINE#         14
  C:0006H         LINE#         15
  C:0009H         LINE#         16
  C:000CH         LINE#         17
  C:000FH         LINE#         18
  C:0012H         LINE#         19
  C:0015H         LINE#         20
  C:0017H         LINE#         21
  C:0019H         LINE#         22
  C:001BH         LINE#         23
  -------         ENDPROC       UARTINIT
  -------         PROC          UART
  -------         DO            
  D:0007H         SYMBOL        a
  -------         ENDDO         
  C:0026H         LINE#         25
  C:0043H         LINE#         28
  C:0045H         LINE#         29
  C:0048H         LINE#         30
  C:004AH         LINE#         31
  C:004DH         LINE#         32
  C:0050H         LINE#         33
  C:0052H         LINE#         34
  -------         ENDPROC       UART
  -------         ENDMOD        MAIN

  -------         MODULE        TEST
  C:0000H         SYMBOL        _ICE_DUMMY_
  D:0080H         PUBLIC        P0
  D:0090H         PUBLIC        P1
  C:006DH         PUBLIC        Fuck_Init
BL51 BANKED LINKER/LOCATER V6.22.2.0                                                  03/13/2022  16:01:48  PAGE 4


  D:00A0H         PUBLIC        P2
  D:00B0H         PUBLIC        P3
  D:00C0H         PUBLIC        P4
  D:00C8H         PUBLIC        P5
  D:00E8H         PUBLIC        P6
  D:00F8H         PUBLIC        P7
  C:0090H         PUBLIC        _Led_Init
  D:00A8H         PUBLIC        IE
  D:00B8H         PUBLIC        IP
  B:0080H.4       PUBLIC        realy
  D:00D8H         PUBLIC        CCON
  D:0098H         PUBLIC        SCON
  D:0088H         PUBLIC        TCON
  B:0080H.6       PUBLIC        buzz
  D:00D0H         PUBLIC        PSW
  -------         PROC          FUCK_INIT
  B:0020H.0       SYMBOL        i
  B:0020H.1       SYMBOL        j
  C:006DH         LINE#         8
  C:006DH         LINE#         9
  C:006DH         LINE#         10
  C:0071H         LINE#         11
  C:0075H         LINE#         12
  C:007DH         LINE#         13
  C:0080H         LINE#         14
  -------         ENDPROC       FUCK_INIT
  -------         PROC          _LED_INIT
  D:0007H         SYMBOL        a
  C:0090H         LINE#         16
  C:0090H         LINE#         17
  C:0090H         LINE#         18
  C:0092H         LINE#         19
  C:009AH         LINE#         20
  C:009DH         LINE#         21
  -------         ENDPROC       _LED_INIT
  -------         ENDMOD        TEST

Program Size: data=9.2 xdata=0 code=163
LINK/LOCATE RUN COMPLETE.  0 WARNING(S),  0 ERROR(S)
