BL51 BANKED LINKER/LOCATER V6.22.2.0                                                    03/10/2022  14:00:36  PAGE 1


BL51 BANKED LINKER/LOCATER V6.22.2.0, INVOKED BY:
C:\KEIL_V5\C51\BIN\BL51.EXE .\Objects\STARTUP.obj, .\Objects\main.obj, .\Objects\test.obj, .\Objects\key.obj TO .\Object
>> s\test00 PRINT (.\Listings\test00.m51) RAMSIZE (256)


MEMORY MODEL: SMALL


INPUT MODULES INCLUDED:
  .\Objects\STARTUP.obj (?C_STARTUP)
  .\Objects\main.obj (MAIN)
  .\Objects\test.obj (TEST)
  .\Objects\key.obj (KEY)


LINK MAP OF MODULE:  .\Objects\test00 (?C_STARTUP)


            TYPE    BASE      LENGTH    RELOCATION   SEGMENT NAME
            -----------------------------------------------------

            * * * * * * *   D A T A   M E M O R Y   * * * * * * *
            REG     0000H     0008H     ABSOLUTE     "REG BANK 0"
            DATA    0008H     0008H     UNIT         ?DT?TEST
            DATA    0010H     0002H     UNIT         _DATA_GROUP_
                    0012H     000EH                  *** GAP ***
            BIT     0020H.0   0000H.2   UNIT         _BIT_GROUP_
                    0020H.2   0000H.6                *** GAP ***
            IDATA   0021H     0001H     UNIT         ?STACK

            * * * * * * *   C O D E   M E M O R Y   * * * * * * *
            CODE    0000H     0003H     ABSOLUTE     
            CODE    0003H     0076H     UNIT         ?PR?KEY_INIT?KEY
            CODE    0079H     0072H     UNIT         ?PR?_DS_INIT?TEST
            CODE    00EBH     0014H     UNIT         ?PR?FUCK_INIT?TEST
            CODE    00FFH     0013H     UNIT         ?CO?TEST
            CODE    0112H     0011H     UNIT         ?PR?MAIN?MAIN
            CODE    0123H     000CH     UNIT         ?C_C51STARTUP
            CODE    012FH     000CH     UNIT         ?PR?DELAY1MS?TEST
            CODE    013BH     0009H     UNIT         ?PR?DELAY10MS?KEY



OVERLAY MAP OF MODULE:   .\Objects\test00 (?C_STARTUP)


SEGMENT                           BIT_GROUP          DATA_GROUP 
  +--> CALLED SEGMENT          START    LENGTH     START    LENGTH
------------------------------------------------------------------
?C_C51STARTUP                  -----    -----      -----    -----
  +--> ?PR?MAIN?MAIN

?PR?MAIN?MAIN                  -----    -----      0010H    0001H
  +--> ?PR?FUCK_INIT?TEST
  +--> ?PR?KEY_INIT?KEY
  +--> ?PR?_DS_INIT?TEST

?PR?FUCK_INIT?TEST             0020H.0  0000H.2    -----    -----
BL51 BANKED LINKER/LOCATER V6.22.2.0                                                  03/10/2022  14:00:36  PAGE 2



?PR?KEY_INIT?KEY               -----    -----      -----    -----
  +--> ?PR?DELAY10MS?KEY

?PR?_DS_INIT?TEST              -----    -----      0011H    0001H
  +--> ?CO?TEST
  +--> ?PR?DELAY1MS?TEST



SYMBOL TABLE OF MODULE:  .\Objects\test00 (?C_STARTUP)

  VALUE           TYPE          NAME
  ----------------------------------

  -------         MODULE        ?C_STARTUP
  C:0123H         SEGMENT       ?C_C51STARTUP
  I:0021H         SEGMENT       ?STACK
  C:0000H         PUBLIC        ?C_STARTUP
  D:00E0H         SYMBOL        ACC
  D:00F0H         SYMBOL        B
  D:0083H         SYMBOL        DPH
  D:0082H         SYMBOL        DPL
  N:0000H         SYMBOL        IBPSTACK
  N:0100H         SYMBOL        IBPSTACKTOP
  N:0080H         SYMBOL        IDATALEN
  C:0126H         SYMBOL        IDATALOOP
  N:0000H         SYMBOL        PBPSTACK
  N:0100H         SYMBOL        PBPSTACKTOP
  N:0000H         SYMBOL        PDATALEN
  N:0000H         SYMBOL        PDATASTART
  N:0000H         SYMBOL        PPAGE
  N:0000H         SYMBOL        PPAGEENABLE
  D:00A0H         SYMBOL        PPAGE_SFR
  D:0081H         SYMBOL        SP
  C:0123H         SYMBOL        STARTUP1
  N:0000H         SYMBOL        XBPSTACK
  N:0000H         SYMBOL        XBPSTACKTOP
  N:0000H         SYMBOL        XDATALEN
  N:0000H         SYMBOL        XDATASTART
  C:0000H         LINE#         126
  C:0123H         LINE#         133
  C:0125H         LINE#         134
  C:0126H         LINE#         135
  C:0127H         LINE#         136
  C:0129H         LINE#         185
  C:012CH         LINE#         196
  -------         ENDMOD        ?C_STARTUP

  -------         MODULE        MAIN
  C:0000H         SYMBOL        _ICE_DUMMY_
  D:0080H         PUBLIC        P0
  D:0090H         PUBLIC        P1
  D:00A0H         PUBLIC        P2
  D:00B0H         PUBLIC        P3
  D:00C0H         PUBLIC        P4
  D:00C8H         PUBLIC        P5
BL51 BANKED LINKER/LOCATER V6.22.2.0                                                  03/10/2022  14:00:36  PAGE 3


  D:00E8H         PUBLIC        P6
  D:00F8H         PUBLIC        P7
  D:00A8H         PUBLIC        IE
  D:00B8H         PUBLIC        IP
  D:00D8H         PUBLIC        CCON
  C:0112H         PUBLIC        main
  D:0098H         PUBLIC        SCON
  D:0088H         PUBLIC        TCON
  D:00D0H         PUBLIC        PSW
  -------         PROC          MAIN
  -------         DO            
  D:0010H         SYMBOL        key_v
  -------         ENDDO         
  C:0112H         LINE#         4
  C:0112H         LINE#         5
  C:0112H         LINE#         8
  C:0119H         LINE#         9
  C:0119H         LINE#         10
  C:0119H         LINE#         11
  C:011EH         LINE#         12
  C:0121H         LINE#         13
  -------         ENDPROC       MAIN
  -------         ENDMOD        MAIN

  -------         MODULE        TEST
  C:0000H         SYMBOL        _ICE_DUMMY_
  D:0080H         PUBLIC        P0
  D:0090H         PUBLIC        P1
  C:00EBH         PUBLIC        Fuck_Init
  D:00A0H         PUBLIC        P2
  D:00B0H         PUBLIC        P3
  D:00C0H         PUBLIC        P4
  C:012FH         PUBLIC        Delay1ms
  D:00C8H         PUBLIC        P5
  D:00E8H         PUBLIC        P6
  D:00F8H         PUBLIC        P7
  D:00A8H         PUBLIC        IE
  D:00B8H         PUBLIC        IP
  B:0080H.4       PUBLIC        realy
  D:00D8H         PUBLIC        CCON
  C:0079H         PUBLIC        _Ds_Init
  D:0098H         PUBLIC        SCON
  D:0088H         PUBLIC        TCON
  C:0107H         PUBLIC        dua
  C:00FFH         PUBLIC        wei
  B:0080H.6       PUBLIC        buzz
  D:0008H         PUBLIC        ds
  D:00D0H         PUBLIC        PSW
  -------         PROC          DELAY1MS
  -------         DO            
  D:0007H         SYMBOL        i
  D:0006H         SYMBOL        j
  -------         ENDDO         
  C:012FH         LINE#         10
  C:012FH         LINE#         11
  C:012FH         LINE#         14
  C:0130H         LINE#         15
BL51 BANKED LINKER/LOCATER V6.22.2.0                                                  03/10/2022  14:00:36  PAGE 4


  C:0131H         LINE#         16
  C:0132H         LINE#         17
  C:0134H         LINE#         18
  C:0136H         LINE#         20
  C:0136H         LINE#         21
  C:0138H         LINE#         22
  C:013AH         LINE#         23
  -------         ENDPROC       DELAY1MS
  -------         PROC          FUCK_INIT
  B:0020H.0       SYMBOL        i
  B:0020H.1       SYMBOL        j
  C:00EBH         LINE#         32
  C:00EBH         LINE#         33
  C:00EBH         LINE#         34
  C:00EFH         LINE#         35
  C:00F3H         LINE#         36
  C:00FBH         LINE#         37
  C:00FEH         LINE#         38
  -------         ENDPROC       FUCK_INIT
  -------         PROC          _DS_INIT
  D:0007H         SYMBOL        a
  -------         DO            
  D:0011H         SYMBOL        i
  -------         ENDDO         
  C:0079H         LINE#         42
  C:0079H         LINE#         43
  C:0079H         LINE#         46
  C:007CH         LINE#         47
  C:0084H         LINE#         48
  C:0087H         LINE#         50
  C:008FH         LINE#         51
  C:0097H         LINE#         52
  C:009AH         LINE#         54
  C:00A2H         LINE#         55
  C:00AAH         LINE#         56
  C:00ADH         LINE#         58
  C:00B9H         LINE#         59
  C:00C4H         LINE#         60
  C:00CDH         LINE#         61
  C:00CFH         LINE#         62
  C:00D3H         LINE#         63
  C:00D5H         LINE#         64
  C:00DAH         LINE#         65
  C:00DCH         LINE#         66
  C:00DEH         LINE#         67
  C:00E5H         LINE#         68
  C:00E8H         LINE#         69
  -------         ENDPROC       _DS_INIT
  -------         ENDMOD        TEST

  -------         MODULE        KEY
  C:0000H         SYMBOL        _ICE_DUMMY_
  D:0080H         PUBLIC        P0
  D:0090H         PUBLIC        P1
  D:00A0H         PUBLIC        P2
  D:00B0H         PUBLIC        P3
  D:00C0H         PUBLIC        P4
BL51 BANKED LINKER/LOCATER V6.22.2.0                                                  03/10/2022  14:00:36  PAGE 5


  D:00C8H         PUBLIC        P5
  D:00E8H         PUBLIC        P6
  B:00C0H.4       PUBLIC        li1
  D:00F8H         PUBLIC        P7
  B:00C0H.2       PUBLIC        li2
  B:00B0H.5       PUBLIC        li3
  B:00B0H.4       PUBLIC        li4
  D:00A8H         PUBLIC        IE
  D:00B8H         PUBLIC        IP
  C:0003H         PUBLIC        Key_Init
  D:00D8H         PUBLIC        CCON
  D:0098H         PUBLIC        SCON
  C:013BH         PUBLIC        Delay10ms
  D:0088H         PUBLIC        TCON
  B:00B0H.0       PUBLIC        ha1
  D:00D0H         PUBLIC        PSW
  B:00B0H.1       PUBLIC        ha2
  B:00B0H.2       PUBLIC        ha3
  B:00B0H.3       PUBLIC        ha4
  -------         PROC          DELAY10MS
  -------         DO            
  D:0007H         SYMBOL        i
  D:0006H         SYMBOL        j
  -------         ENDDO         
  C:013BH         LINE#         6
  C:013BH         LINE#         7
  C:013BH         LINE#         10
  C:013DH         LINE#         11
  C:013FH         LINE#         13
  C:013FH         LINE#         14
  C:0141H         LINE#         15
  C:0143H         LINE#         16
  -------         ENDPROC       DELAY10MS
  -------         PROC          KEY_INIT
  -------         DO            
  D:0005H         SYMBOL        key_num
  -------         ENDDO         
  C:0003H         LINE#         38
  C:0003H         LINE#         39
  C:0003H         LINE#         42
  C:000BH         LINE#         43
  C:0013H         LINE#         45
  C:001FH         LINE#         46
  C:001FH         LINE#         47
  C:0022H         LINE#         48
  C:0029H         LINE#         49
  C:0030H         LINE#         50
  C:0037H         LINE#         51
  C:003CH         LINE#         53
  C:0044H         LINE#         54
  C:004CH         LINE#         56
  C:0051H         LINE#         57
  C:005AH         LINE#         58
  C:0063H         LINE#         59
  C:006AH         LINE#         61
  C:0076H         LINE#         62
  C:0076H         LINE#         63
BL51 BANKED LINKER/LOCATER V6.22.2.0                                                  03/10/2022  14:00:36  PAGE 6


  C:0078H         LINE#         64
  -------         ENDPROC       KEY_INIT
  -------         ENDMOD        KEY

Program Size: data=19.2 xdata=0 code=324
LINK/LOCATE RUN COMPLETE.  0 WARNING(S),  0 ERROR(S)
