C51 COMPILER V9.55   TEST                                                                  03/22/2022 17:08:30 PAGE 1   


C51 COMPILER V9.55, COMPILATION OF MODULE TEST
OBJECT MODULE PLACED IN .\Objects\test.obj
COMPILER INVOKED BY: C:\Keil_v5\C51\BIN\C51.EXE test.c OPTIMIZE(8,SPEED) BROWSE DEBUG OBJECTEXTEND PRINT(.\Listings\test
                    -.lst) TABS(2) OBJECT(.\Objects\test.obj)

line level    source

   1          #include "test.h"
   2          
   3          u8 code wei[] = {0x01,0x02,0x04,0x08,0x10,0x20,0x40,0x80};
   4          u8 code dua[] = {0x3F,0x06,0x5B,0x4F,0x66,0x6D,0x7D,0x07,0x7F,0x6F,0x00};
   5                       //   0    1    2    3    4    5    6    7    8    9   全灭
   6          u8 ds[8];
   7          /*************************************************
   8          函数功能：1ms延时
   9          *************************************************/
  10          void Delay1ms()   //@11.0592MHz
  11          {
  12   1        unsigned char i, j;
  13   1      
  14   1        _nop_();
  15   1        _nop_();
  16   1        _nop_();
  17   1        i = 11;
  18   1        j = 190;
  19   1        do
  20   1        {
  21   2          while (--j);
  22   2        } while (--i);
  23   1      }
  24          
  25          
  26          /*************************************************
  27          函数功能：
  28                  定义蜂鸣器继电器工作状态
  29                  i = 0蜂鸣器关闭
  30                  j = 0继电器关闭
  31          *************************************************/
  32          void Fuck_Init(bit i,bit j)
  33          {
  34   1        buzz = i;
  35   1        realy = j;
  36   1        P2 = Y5;
  37   1        P2 = Yc;
  38   1      }
  39          /*************************************************
  40          函数功能：数码管依次显示0-7
  41          *************************************************/
  42          void Ds_Init(u8 a)
  43          {
  44   1        u8 i;
  45   1        
  46   1        P0 = 0xff;
  47   1        P2 = Y7;
  48   1        P2 = Yc;
  49   1        
  50   1        P0 = wei[i];
  51   1        P2 = Y6;
  52   1        P2 = Yc;
  53   1        
  54   1        P0 = ds[i];
C51 COMPILER V9.55   TEST                                                                  03/22/2022 17:08:30 PAGE 2   

  55   1        P2 = Y7;
  56   1        P2 = Yc;
  57   1        
  58   1        ds[0] = ~dua[a/10];
  59   1        ds[1] = ~dua[a%10];
  60   1        ds[2] = ~dua[10];
  61   1        ds[3] = ~dua[10];
  62   1        ds[4] = ~dua[10];
  63   1        ds[5] = ~dua[10];
  64   1        ds[6] = ~dua[10];
  65   1        ds[7] = ~dua[10];
  66   1        i++;
  67   1        if(i >= 8)
  68   1          i = 0;
  69   1        Delay1ms();
  70   1      }


MODULE INFORMATION:   STATIC OVERLAYABLE
   CODE SIZE        =    146    ----
   CONSTANT SIZE    =     19    ----
   XDATA SIZE       =   ----    ----
   PDATA SIZE       =   ----    ----
   DATA SIZE        =      8       1
   IDATA SIZE       =   ----    ----
   BIT SIZE         =   ----       2
END OF MODULE INFORMATION.


C51 COMPILATION COMPLETE.  0 WARNING(S),  0 ERROR(S)
