BL51 BANKED LINKER/LOCATER V6.22.2.0                                                    03/11/2022  11:09:03  PAGE 1


BL51 BANKED LINKER/LOCATER V6.22.2.0, INVOKED BY:
C:\KEIL_V5\C51\BIN\BL51.EXE .\Objects\STARTUP.obj, .\Objects\main.obj, .\Objects\test.obj, .\Objects\key.obj TO .\Object
>> s\test00 PRINT (.\Listings\test00.m51) RAMSIZE (256)


MEMORY MODEL: SMALL


INPUT MODULES INCLUDED:
  .\Objects\STARTUP.obj (?C_STARTUP)
  .\Objects\main.obj (MAIN)
  .\Objects\test.obj (TEST)
  .\Objects\key.obj (KEY)
  C:\KEIL_V5\C51\LIB\C51S.LIB (?C_INIT)


LINK MAP OF MODULE:  .\Objects\test00 (?C_STARTUP)


            TYPE    BASE      LENGTH    RELOCATION   SEGMENT NAME
            -----------------------------------------------------

            * * * * * * *   D A T A   M E M O R Y   * * * * * * *
            REG     0000H     0008H     ABSOLUTE     "REG BANK 0"
            DATA    0008H     0008H     UNIT         ?DT?TEST
            DATA    0010H     0003H     UNIT         ?DT?MAIN
            DATA    0013H     0003H     UNIT         _DATA_GROUP_
                    0016H     000AH                  *** GAP ***
            BIT     0020H.0   0000H.2   UNIT         _BIT_GROUP_
            BIT     0020H.2   0000H.1   UNIT         ?BI?MAIN
                    0020H.3   0000H.5                *** GAP ***
            IDATA   0021H     0001H     UNIT         ?STACK

            * * * * * * *   C O D E   M E M O R Y   * * * * * * *
            CODE    0000H     0003H     ABSOLUTE     
            CODE    0003H     0004H     UNIT         ?C_INITSEG
                    0007H     0004H                  *** GAP ***
            CODE    000BH     0003H     ABSOLUTE     
            CODE    000EH     008CH     UNIT         ?C_C51STARTUP
            CODE    009AH     0070H     UNIT         ?PR?_DS_INIT?TEST
            CODE    010AH     0059H     UNIT         ?PR?TIMER0?MAIN
            CODE    0163H     0045H     UNIT         ?PR?KEY_INIT?KEY
            CODE    01A8H     003BH     UNIT         ?PR?MAIN?MAIN
            CODE    01E3H     0015H     UNIT         ?PR?TIMER0INIT?MAIN
            CODE    01F8H     0014H     UNIT         ?PR?FUCK_INIT?TEST
            CODE    020CH     0013H     UNIT         ?CO?TEST
            CODE    021FH     0009H     UNIT         ?PR?DELAY10MS?KEY



OVERLAY MAP OF MODULE:   .\Objects\test00 (?C_STARTUP)


SEGMENT                           BIT_GROUP          DATA_GROUP 
  +--> CALLED SEGMENT          START    LENGTH     START    LENGTH
------------------------------------------------------------------
?C_C51STARTUP                  -----    -----      -----    -----
  +--> ?PR?MAIN?MAIN
BL51 BANKED LINKER/LOCATER V6.22.2.0                                                  03/11/2022  11:09:03  PAGE 2


  +--> ?C_INITSEG

?PR?MAIN?MAIN                  -----    -----      -----    -----
  +--> ?PR?FUCK_INIT?TEST
  +--> ?PR?TIMER0INIT?MAIN
  +--> ?PR?_DS_INIT?TEST
  +--> ?PR?KEY_INIT?KEY

?PR?FUCK_INIT?TEST             0020H.0  0000H.2    -----    -----

?PR?_DS_INIT?TEST              -----    -----      0013H    0001H
  +--> ?CO?TEST

?PR?KEY_INIT?KEY               -----    -----      -----    -----
  +--> ?PR?DELAY10MS?KEY

*** NEW ROOT ***************************************************

?PR?TIMER0?MAIN                -----    -----      0014H    0002H



SYMBOL TABLE OF MODULE:  .\Objects\test00 (?C_STARTUP)

  VALUE           TYPE          NAME
  ----------------------------------

  -------         MODULE        ?C_STARTUP
  C:000EH         SEGMENT       ?C_C51STARTUP
  I:0021H         SEGMENT       ?STACK
  C:0000H         PUBLIC        ?C_STARTUP
  D:00E0H         SYMBOL        ACC
  D:00F0H         SYMBOL        B
  D:0083H         SYMBOL        DPH
  D:0082H         SYMBOL        DPL
  N:0000H         SYMBOL        IBPSTACK
  N:0100H         SYMBOL        IBPSTACKTOP
  N:0080H         SYMBOL        IDATALEN
  C:0011H         SYMBOL        IDATALOOP
  N:0000H         SYMBOL        PBPSTACK
  N:0100H         SYMBOL        PBPSTACKTOP
  N:0000H         SYMBOL        PDATALEN
  N:0000H         SYMBOL        PDATASTART
  N:0000H         SYMBOL        PPAGE
  N:0000H         SYMBOL        PPAGEENABLE
  D:00A0H         SYMBOL        PPAGE_SFR
  D:0081H         SYMBOL        SP
  C:000EH         SYMBOL        STARTUP1
  N:0000H         SYMBOL        XBPSTACK
  N:0000H         SYMBOL        XBPSTACKTOP
  N:0000H         SYMBOL        XDATALEN
  N:0000H         SYMBOL        XDATASTART
  C:0000H         LINE#         126
  C:000EH         LINE#         133
  C:0010H         LINE#         134
  C:0011H         LINE#         135
  C:0012H         LINE#         136
BL51 BANKED LINKER/LOCATER V6.22.2.0                                                  03/11/2022  11:09:03  PAGE 3


  C:0014H         LINE#         185
  C:0017H         LINE#         196
  -------         ENDMOD        ?C_STARTUP

  -------         MODULE        MAIN
  C:0000H         SYMBOL        _ICE_DUMMY_
  D:0080H         PUBLIC        P0
  D:0090H         PUBLIC        P1
  D:00A0H         PUBLIC        P2
  D:00B0H         PUBLIC        P3
  D:00C0H         PUBLIC        P4
  D:00C8H         PUBLIC        P5
  B:00A8H.7       PUBLIC        EA
  D:00E8H         PUBLIC        P6
  D:00F8H         PUBLIC        P7
  B:0020H.2       PUBLIC        ds1
  D:00A8H         PUBLIC        IE
  D:0010H         PUBLIC        pwm_c
  D:00B8H         PUBLIC        IP
  D:00D8H         PUBLIC        CCON
  C:01A8H         PUBLIC        main
  D:0012H         PUBLIC        pwm_v
  C:010AH         PUBLIC        Timer0
  D:0098H         PUBLIC        SCON
  D:0089H         PUBLIC        TMOD
  D:0088H         PUBLIC        TCON
  D:008EH         PUBLIC        AUXR
  B:00A8H.1       PUBLIC        ET0
  B:0088H.5       PUBLIC        TF0
  C:01E3H         PUBLIC        Timer0Init
  D:008CH         PUBLIC        TH0
  D:008AH         PUBLIC        TL0
  B:00A0H.0       PUBLIC        pwm
  B:0088H.4       PUBLIC        TR0
  D:00D0H         PUBLIC        PSW
  -------         PROC          MAIN
  -------         DO            
  D:0007H         SYMBOL        key_v
  -------         ENDDO         
  C:01A8H         LINE#         9
  C:01A8H         LINE#         10
  C:01A8H         LINE#         13
  C:01AFH         LINE#         14
  C:01B2H         LINE#         15
  C:01B2H         LINE#         16
  C:01B2H         LINE#         17
  C:01B5H         LINE#         18
  C:01B5H         LINE#         19
  C:01B7H         LINE#         20
  C:01BCH         LINE#         22
  C:01BCH         LINE#         23
  C:01BFH         LINE#         24
  C:01C7H         LINE#         25
  C:01C7H         LINE#         26
  C:01CBH         LINE#         27
  C:01D1H         LINE#         28
  C:01D1H         LINE#         29
BL51 BANKED LINKER/LOCATER V6.22.2.0                                                  03/11/2022  11:09:03  PAGE 4


  C:01DEH         LINE#         30
  C:01E1H         LINE#         31
  -------         ENDPROC       MAIN
  -------         PROC          TIMER0INIT
  C:01E3H         LINE#         36
  C:01E3H         LINE#         37
  C:01E3H         LINE#         38
  C:01E6H         LINE#         39
  C:01E9H         LINE#         40
  C:01ECH         LINE#         41
  C:01EFH         LINE#         42
  C:01F1H         LINE#         43
  C:01F3H         LINE#         44
  C:01F5H         LINE#         45
  C:01F7H         LINE#         46
  -------         ENDPROC       TIMER0INIT
  -------         PROC          TIMER0
  -------         DO            
  D:0014H         SYMBOL        ds_c
  -------         ENDDO         
  C:010AH         LINE#         48
  C:0113H         LINE#         51
  C:0116H         LINE#         52
  C:0119H         LINE#         53
  C:0121H         LINE#         54
  C:0130H         LINE#         55
  C:013FH         LINE#         56
  C:0141H         LINE#         58
  C:0154H         LINE#         59
  C:0154H         LINE#         60
  C:015AH         LINE#         61
  C:015CH         LINE#         62
  C:015CH         LINE#         64
  -------         ENDPROC       TIMER0
  -------         ENDMOD        MAIN

  -------         MODULE        TEST
  C:0000H         SYMBOL        _ICE_DUMMY_
  D:0080H         PUBLIC        P0
  D:0090H         PUBLIC        P1
  C:01F8H         PUBLIC        Fuck_Init
  D:00A0H         PUBLIC        P2
  D:00B0H         PUBLIC        P3
  D:00C0H         PUBLIC        P4
  D:00C8H         PUBLIC        P5
  D:00E8H         PUBLIC        P6
  D:00F8H         PUBLIC        P7
  D:00A8H         PUBLIC        IE
  D:00B8H         PUBLIC        IP
  B:0080H.4       PUBLIC        realy
  D:00D8H         PUBLIC        CCON
  C:009AH         PUBLIC        _Ds_Init
  D:0098H         PUBLIC        SCON
  D:0088H         PUBLIC        TCON
  C:0214H         PUBLIC        dua
  C:020CH         PUBLIC        wei
  B:0080H.6       PUBLIC        buzz
BL51 BANKED LINKER/LOCATER V6.22.2.0                                                  03/11/2022  11:09:03  PAGE 5


  D:0008H         PUBLIC        ds
  D:00D0H         PUBLIC        PSW
  -------         PROC          FUCK_INIT
  B:0020H.0       SYMBOL        i
  B:0020H.1       SYMBOL        j
  C:01F8H         LINE#         32
  C:01F8H         LINE#         33
  C:01F8H         LINE#         34
  C:01FCH         LINE#         35
  C:0200H         LINE#         36
  C:0208H         LINE#         37
  C:020BH         LINE#         38
  -------         ENDPROC       FUCK_INIT
  -------         PROC          _DS_INIT
  D:0007H         SYMBOL        a
  -------         DO            
  D:0013H         SYMBOL        i
  -------         ENDDO         
  C:009AH         LINE#         42
  C:009AH         LINE#         43
  C:009AH         LINE#         46
  C:009DH         LINE#         47
  C:00A5H         LINE#         48
  C:00A8H         LINE#         50
  C:00B0H         LINE#         51
  C:00B8H         LINE#         52
  C:00BBH         LINE#         54
  C:00C3H         LINE#         55
  C:00CBH         LINE#         56
  C:00CEH         LINE#         58
  C:00DAH         LINE#         59
  C:00E5H         LINE#         60
  C:00EEH         LINE#         61
  C:00F0H         LINE#         62
  C:00F4H         LINE#         63
  C:00F6H         LINE#         64
  C:00FBH         LINE#         65
  C:00FDH         LINE#         66
  C:00FFH         LINE#         67
  C:0106H         LINE#         68
  C:0109H         LINE#         70
  -------         ENDPROC       _DS_INIT
  -------         ENDMOD        TEST

  -------         MODULE        KEY
  C:0000H         SYMBOL        _ICE_DUMMY_
  D:0080H         PUBLIC        P0
  D:0090H         PUBLIC        P1
  D:00A0H         PUBLIC        P2
  D:00B0H         PUBLIC        P3
  D:00C0H         PUBLIC        P4
  D:00C8H         PUBLIC        P5
  D:00E8H         PUBLIC        P6
  B:00B0H.3       PUBLIC        S4
  D:00F8H         PUBLIC        P7
  B:00B0H.2       PUBLIC        S5
  B:00B0H.1       PUBLIC        S6
BL51 BANKED LINKER/LOCATER V6.22.2.0                                                  03/11/2022  11:09:03  PAGE 6


  B:00B0H.0       PUBLIC        S7
  D:00A8H         PUBLIC        IE
  D:00B8H         PUBLIC        IP
  C:0163H         PUBLIC        Key_Init
  D:00D8H         PUBLIC        CCON
  D:0098H         PUBLIC        SCON
  C:021FH         PUBLIC        Delay10ms
  D:0088H         PUBLIC        TCON
  D:00D0H         PUBLIC        PSW
  -------         PROC          DELAY10MS
  -------         DO            
  D:0007H         SYMBOL        i
  D:0006H         SYMBOL        j
  -------         ENDDO         
  C:021FH         LINE#         6
  C:021FH         LINE#         7
  C:021FH         LINE#         10
  C:0221H         LINE#         11
  C:0223H         LINE#         13
  C:0223H         LINE#         14
  C:0225H         LINE#         15
  C:0227H         LINE#         16
  -------         ENDPROC       DELAY10MS
  -------         PROC          KEY_INIT
  -------         DO            
  D:0005H         SYMBOL        key_num
  -------         ENDDO         
  C:0163H         LINE#         22
  C:0163H         LINE#         23
  C:0163H         LINE#         26
  C:0165H         LINE#         28
  C:016DH         LINE#         30
  C:017BH         LINE#         31
  C:0189H         LINE#         32
  C:0197H         LINE#         33
  C:01A5H         LINE#         35
  C:01A7H         LINE#         36
  -------         ENDPROC       KEY_INIT
  -------         ENDMOD        KEY

Program Size: data=23.3 xdata=0 code=548
LINK/LOCATE RUN COMPLETE.  0 WARNING(S),  0 ERROR(S)
